2026-02-10T18:06:17.361Z [info]: Sucessfully provided portfolio
2026-02-10T18:11:22.363Z [error]: CastError: Cast to ObjectId failed for value "hwgdw" (type string) at path "_id" for model "Portfolio"
    at SchemaObjectId.cast (C:\Users\Dell\Downloads\Express\node_modules\mongoose\lib\schema\objectId.js:253:11)
    at SchemaType.applySetters (C:\Users\Dell\Downloads\Express\node_modules\mongoose\lib\schemaType.js:1280:12)
    at SchemaType.castForQuery (C:\Users\Dell\Downloads\Express\node_modules\mongoose\lib\schemaType.js:1706:17)
    at cast (C:\Users\Dell\Downloads\Express\node_modules\mongoose\lib\cast.js:386:32)
    at Query.cast (C:\Users\Dell\Downloads\Express\node_modules\mongoose\lib\query.js:5040:12)
    at Query._castConditions (C:\Users\Dell\Downloads\Express\node_modules\mongoose\lib\query.js:2374:10)
    at model.Query._findOne (C:\Users\Dell\Downloads\Express\node_modules\mongoose\lib\query.js:2704:8)
    at model.Query.exec (C:\Users\Dell\Downloads\Express\node_modules\mongoose\lib\query.js:4652:80)
    at async getPortfolioByID (file:///C:/Users/Dell/Downloads/Express/controller/portfolios.js:22:26)
2026-03-21T08:33:28.640Z [info]: Sucessfully provided portfolio
2026-03-21T08:35:27.677Z [info]: Sucessfully provided portfolio
2026-03-21T08:42:23.749Z [info]: Sucessfully provided portfolio
2026-03-21T08:43:28.468Z [info]: Sucessfully provided portfolio
2026-03-21T08:43:51.521Z [info]: Sucessfully provided portfolio
2026-03-21T08:45:16.132Z [info]: Sucessfully provided portfolio
2026-03-21T08:45:47.503Z [info]: Sucessfully provided portfolio
2026-03-21T08:45:52.651Z [info]: Sucessfully provided portfolio
2026-03-21T08:45:52.657Z [info]: Sucessfully provided portfolio
2026-03-21T08:47:35.891Z [info]: Sucessfully provided portfolio
2026-03-21T08:47:37.808Z [info]: Sucessfully provided portfolio
2026-03-21T08:47:40.931Z [info]: Sucessfully provided portfolio
2026-03-21T08:48:43.557Z [info]: Sucessfully provided portfolio
2026-03-21T08:48:47.587Z [info]: Sucessfully provided portfolio
2026-03-21T08:48:53.588Z [info]: Sucessfully provided portfolio
2026-03-21T08:49:14.246Z [info]: Sucessfully provided portfolio
2026-03-21T08:49:16.140Z [info]: Sucessfully provided portfolio
2026-03-21T08:49:18.453Z [info]: Sucessfully provided portfolio
2026-03-21T08:52:24.073Z [info]: Sucessfully provided portfolio
2026-03-21T08:52:28.520Z [info]: Sucessfully provided portfolio
2026-03-21T08:52:28.524Z [info]: Sucessfully provided portfolio
2026-03-21T08:53:03.337Z [info]: Sucessfully provided portfolio
2026-03-21T08:53:06.155Z [info]: Sucessfully provided portfolio
2026-03-21T08:53:09.184Z [info]: Sucessfully provided portfolio
2026-03-21T10:33:58.215Z [info]: Sucessfully provided portfolio
2026-03-21T10:33:58.225Z [info]: Sucessfully provided portfolio
2026-03-21T10:34:02.805Z [info]: Sucessfully provided portfolio
2026-03-21T10:34:02.812Z [info]: Sucessfully provided portfolio
2026-03-21T10:34:25.780Z [info]: Sucessfully provided portfolio
2026-03-21T10:34:25.785Z [info]: Sucessfully provided portfolio
2026-03-21T10:41:26.128Z [info]: Sucessfully provided portfolio
2026-03-21T10:41:26.136Z [info]: Sucessfully provided portfolio
2026-03-21T10:41:31.891Z [info]: Sucessfully provided portfolio
2026-03-21T10:41:31.895Z [info]: Sucessfully provided portfolio
2026-03-21T10:41:33.603Z [info]: Sucessfully provided portfolio
2026-03-21T10:41:33.607Z [info]: Sucessfully provided portfolio
2026-03-21T10:43:56.262Z [info]: Sucessfully provided portfolio
2026-03-21T10:43:56.266Z [info]: Sucessfully provided portfolio
2026-03-21T10:46:51.103Z [info]: Sucessfully provided portfolio
2026-03-21T10:51:54.473Z [info]: Sucessfully provided portfolio
2026-03-21T11:15:17.336Z [info]: Sucessfully provided portfolio
2026-03-21T11:15:17.340Z [info]: Sucessfully provided portfolio
2026-03-21T11:20:40.052Z [info]: Sucessfully provided portfolio
2026-03-21T11:20:40.056Z [info]: Sucessfully provided portfolio
2026-03-21T11:20:52.226Z [info]: Sucessfully provided portfolio
2026-03-21T11:20:52.231Z [info]: Sucessfully provided portfolio
2026-03-21T11:24:10.767Z [info]: Sucessfully provided portfolio
2026-03-21T11:25:11.317Z [info]: Sucessfully provided portfolio
2026-03-21T11:33:43.335Z [info]: Sucessfully provided portfolio
2026-03-21T11:33:44.979Z [info]: Sucessfully provided portfolio
2026-03-21T11:33:47.547Z [info]: Sucessfully provided portfolio
2026-03-21T11:35:31.829Z [info]: Sucessfully provided portfolio
2026-03-21T11:36:38.546Z [info]: Sucessfully provided portfolio
2026-03-21T11:37:01.331Z [info]: Sucessfully provided portfolio
2026-03-21T11:38:06.176Z [info]: Sucessfully provided portfolio
2026-03-21T11:44:31.715Z [info]: Sucessfully provided portfolio
2026-03-21T11:44:41.588Z [info]: Sucessfully provided portfolio
2026-03-21T11:44:44.193Z [info]: Sucessfully provided portfolio
2026-03-21T11:44:46.271Z [info]: Sucessfully provided portfolio
2026-03-21T11:45:01.961Z [info]: Sucessfully provided portfolio of id: 6980d73fe65e80e1eedf4db3
2026-03-21T11:45:03.393Z [info]: Sucessfully provided portfolio
2026-03-21T11:46:00.135Z [info]: Sucessfully provided portfolio
2026-03-21T11:46:08.482Z [info]: Sucessfully provided portfolio
2026-03-21T11:46:08.487Z [info]: Sucessfully provided portfolio
2026-03-21T11:47:51.511Z [info]: Sucessfully provided portfolio
2026-03-21T11:47:51.516Z [info]: Sucessfully provided portfolio
2026-03-21T11:49:12.793Z [info]: Sucessfully provided portfolio of id: 6980d73fe65e80e1eedf4db3
2026-03-21T11:49:14.177Z [info]: Sucessfully provided portfolio
2026-03-21T11:49:16.379Z [info]: Sucessfully provided portfolio
2026-03-21T12:01:20.413Z [info]: Sucessfully provided portfolio
2026-03-21T12:05:37.895Z [info]: Sucessfully provided portfolio
2026-03-21T12:06:19.560Z [info]: Sucessfully provided portfolio
2026-03-21T12:06:55.474Z [info]: Sucessfully provided portfolio
2026-03-21T12:06:57.237Z [info]: Sucessfully provided portfolio
2026-03-21T12:07:01.508Z [info]: Sucessfully provided portfolio
2026-03-21T12:08:54.443Z [info]: Sucessfully provided portfolio
2026-03-21T12:10:12.286Z [info]: Sucessfully provided portfolio of id: 69be898a63d2daf0542bc9e9
2026-03-21T12:10:13.903Z [info]: Sucessfully provided portfolio
2026-03-21T12:10:18.327Z [info]: Sucessfully provided portfolio
2026-03-21T12:23:09.177Z [info]: Sucessfully provided portfolio
2026-03-21T12:27:20.888Z [info]: Sucessfully provided portfolio
2026-03-21T12:27:50.691Z [info]: Sucessfully provided portfolio of id: 6980d73fe65e80e1eedf4db3
2026-03-21T12:27:52.279Z [info]: Sucessfully provided portfolio
2026-03-21T12:27:54.956Z [info]: Sucessfully provided portfolio
2026-03-21T12:32:04.564Z [info]: Sucessfully provided portfolio
2026-03-21T12:32:07.058Z [info]: Sucessfully provided portfolio
2026-03-21T12:32:11.414Z [info]: Sucessfully provided portfolio
2026-03-21T12:39:20.911Z [info]: Sucessfully provided portfolio
2026-03-21T12:39:54.245Z [info]: Sucessfully provided portfolio
2026-03-21T12:40:23.353Z [info]: Sucessfully provided portfolio
2026-03-21T12:40:26.848Z [info]: Sucessfully provided portfolio
2026-03-21T12:40:42.464Z [info]: Sucessfully provided portfolio
2026-03-21T12:42:21.276Z [info]: Sucessfully provided portfolio
2026-03-21T12:42:44.982Z [info]: Sucessfully provided portfolio
2026-03-21T12:43:22.394Z [info]: Sucessfully provided portfolio
2026-03-21T12:48:51.998Z [info]: Sucessfully provided portfolio
2026-03-21T12:52:22.986Z [info]: Sucessfully provided portfolio
2026-03-21T13:04:19.619Z [info]: Sucessfully provided portfolio
2026-03-21T13:11:07.742Z [info]: Sucessfully provided portfolio
2026-03-21T13:11:07.747Z [info]: Sucessfully provided portfolio
2026-03-21T13:11:50.310Z [info]: Sucessfully provided portfolio
2026-03-21T13:20:00.405Z [info]: Sucessfully provided portfolio
2026-03-21T13:20:09.248Z [info]: Sucessfully provided portfolio
2026-03-21T13:20:09.253Z [info]: Sucessfully provided portfolio
2026-03-21T13:28:44.217Z [info]: Sucessfully provided portfolio
2026-03-21T13:28:44.222Z [info]: Sucessfully provided portfolio
2026-03-21T13:34:30.101Z [info]: Sucessfully provided portfolio
2026-03-21T13:39:57.891Z [info]: Sucessfully provided portfolio
2026-03-21T13:47:00.066Z [info]: Sucessfully provided portfolio
2026-03-21T13:47:08.496Z [info]: Sucessfully provided portfolio
2026-03-21T13:47:08.500Z [info]: Sucessfully provided portfolio
2026-03-21T13:58:38.621Z [info]: Sucessfully provided portfolio
2026-03-21T13:58:38.635Z [info]: Sucessfully provided portfolio
2026-03-21T14:05:30.450Z [info]: Sucessfully provided portfolio
2026-03-21T14:06:02.617Z [info]: Sucessfully provided portfolio
2026-03-21T14:08:04.084Z [info]: Sucessfully provided portfolio
2026-03-21T14:09:16.262Z [info]: Sucessfully provided portfolio
2026-03-21T14:09:29.935Z [info]: Sucessfully provided portfolio
2026-03-21T14:09:35.018Z [info]: Sucessfully provided portfolio
2026-03-21T14:10:42.747Z [info]: Sucessfully provided portfolio
2026-03-21T14:10:42.752Z [info]: Sucessfully provided portfolio
2026-03-21T14:10:46.278Z [info]: Sucessfully provided portfolio
2026-03-21T14:10:46.283Z [info]: Sucessfully provided portfolio
2026-03-21T14:11:57.669Z [info]: Sucessfully provided portfolio
2026-03-21T14:12:10.700Z [info]: Sucessfully provided portfolio
2026-03-21T14:12:10.705Z [info]: Sucessfully provided portfolio
2026-03-21T14:12:14.348Z [info]: Sucessfully provided portfolio
2026-03-21T14:12:14.352Z [info]: Sucessfully provided portfolio
2026-03-21T14:12:38.517Z [info]: Sucessfully provided portfolio
2026-03-21T14:12:38.520Z [info]: Sucessfully provided portfolio
2026-03-21T15:04:23.104Z [info]: Sucessfully provided portfolio
2026-03-21T15:07:00.393Z [info]: Sucessfully provided portfolio
2026-03-21T15:07:34.827Z [info]: Sucessfully provided portfolio
2026-03-21T15:09:35.353Z [info]: Sucessfully provided portfolio
2026-03-21T15:09:35.357Z [info]: Sucessfully provided portfolio
2026-03-21T15:11:30.281Z [info]: Sucessfully provided portfolio
2026-03-21T15:11:30.287Z [info]: Sucessfully provided portfolio
2026-03-21T15:11:32.697Z [info]: Sucessfully provided portfolio
2026-03-21T15:30:30.165Z [info]: Sucessfully provided portfolio
2026-03-21T15:30:30.172Z [info]: Sucessfully provided portfolio
2026-03-21T15:32:21.195Z [info]: Sucessfully provided portfolio
2026-03-21T15:32:21.201Z [info]: Sucessfully provided portfolio
2026-03-21T15:32:26.024Z [info]: Sucessfully provided portfolio
2026-03-21T15:32:26.028Z [info]: Sucessfully provided portfolio
2026-03-21T15:40:14.764Z [info]: Sucessfully provided portfolio
2026-03-21T15:40:30.787Z [info]: Sucessfully provided portfolio
2026-03-21T15:40:40.690Z [info]: Sucessfully provided portfolio
2026-03-21T15:55:40.076Z [info]: Sucessfully provided portfolio
2026-03-21T15:58:28.290Z [info]: Sucessfully provided portfolio
2026-03-21T15:59:11.089Z [info]: Sucessfully provided portfolio
2026-03-21T16:01:14.353Z [info]: Sucessfully provided portfolio
2026-03-21T16:01:14.930Z [info]: Sucessfully provided portfolio
2026-03-21T16:01:17.623Z [info]: Sucessfully provided portfolio
2026-03-21T16:01:39.782Z [info]: Sucessfully provided portfolio
2026-03-21T16:02:42.248Z [info]: Sucessfully provided portfolio
2026-03-21T16:02:53.140Z [info]: Sucessfully provided portfolio
2026-03-21T16:02:55.526Z [info]: Sucessfully provided portfolio
2026-03-21T16:05:44.738Z [info]: Sucessfully provided portfolio
2026-03-21T16:10:25.134Z [info]: Sucessfully provided portfolio
2026-03-21T16:10:50.601Z [info]: Sucessfully provided portfolio
2026-03-21T16:10:56.123Z [info]: Sucessfully provided portfolio
2026-03-21T16:13:53.250Z [info]: Sucessfully provided portfolio
2026-03-21T16:13:53.254Z [info]: Sucessfully provided portfolio
2026-03-21T16:14:05.420Z [info]: Sucessfully provided portfolio
2026-03-21T16:14:36.226Z [info]: Sucessfully provided portfolio
2026-03-21T16:14:40.988Z [info]: Sucessfully provided portfolio
2026-03-21T16:19:34.226Z [info]: Sucessfully provided portfolio
2026-03-21T16:19:34.844Z [info]: Sucessfully provided portfolio
2026-03-21T16:19:56.965Z [info]: Sucessfully provided portfolio
2026-03-21T16:21:00.439Z [info]: Sucessfully provided portfolio
2026-03-21T16:21:08.640Z [info]: Sucessfully provided portfolio
2026-03-21T16:21:24.916Z [info]: Sucessfully provided portfolio
2026-03-21T16:21:46.002Z [info]: Sucessfully provided portfolio
2026-03-21T16:24:26.808Z [info]: Sucessfully provided portfolio
2026-03-21T16:26:08.876Z [info]: Sucessfully provided portfolio
2026-03-21T16:33:13.079Z [info]: Sucessfully provided portfolio
2026-03-21T16:41:36.787Z [info]: Sucessfully provided portfolio
2026-03-21T16:42:17.085Z [info]: Sucessfully provided portfolio
2026-03-21T16:49:56.431Z [info]: Sucessfully provided portfolio
2026-03-21T16:50:12.836Z [info]: Sucessfully provided portfolio
2026-03-21T16:50:12.841Z [info]: Sucessfully provided portfolio
2026-03-21T16:50:29.137Z [info]: Sucessfully provided portfolio
2026-03-21T16:50:29.141Z [info]: Sucessfully provided portfolio
2026-03-21T16:50:34.111Z [info]: Sucessfully provided portfolio
2026-03-21T16:50:37.831Z [info]: Sucessfully provided portfolio
2026-03-21T16:54:34.233Z [info]: Sucessfully provided portfolio
2026-03-21T16:54:37.983Z [info]: Sucessfully provided portfolio
2026-03-21T16:56:33.026Z [info]: Sucessfully provided portfolio
2026-03-21T16:58:07.020Z [info]: Sucessfully provided portfolio
2026-03-21T17:00:32.815Z [info]: Sucessfully provided portfolio
2026-03-21T17:01:38.257Z [info]: Sucessfully provided portfolio
2026-03-21T17:04:33.584Z [info]: Sucessfully provided portfolio
2026-03-21T17:04:44.561Z [info]: Sucessfully provided portfolio
2026-03-21T17:05:36.995Z [info]: Sucessfully provided portfolio
2026-03-21T17:05:41.534Z [info]: Sucessfully provided portfolio
2026-03-21T17:05:52.405Z [info]: Sucessfully provided portfolio
2026-03-21T17:05:52.408Z [info]: Sucessfully provided portfolio
2026-03-21T17:07:01.969Z [info]: Sucessfully provided portfolio
2026-03-21T17:07:01.973Z [info]: Sucessfully provided portfolio
2026-03-21T17:08:15.451Z [info]: Sucessfully provided portfolio
2026-03-21T17:10:03.888Z [info]: Sucessfully provided portfolio
2026-03-21T17:10:03.892Z [info]: Sucessfully provided portfolio
2026-03-22T02:56:06.224Z [info]: Sucessfully provided portfolio
2026-03-22T02:57:20.701Z [info]: Sucessfully provided portfolio
2026-03-22T02:57:36.870Z [info]: Sucessfully provided portfolio
2026-03-22T02:57:36.888Z [info]: Sucessfully provided portfolio
2026-03-22T02:57:41.919Z [info]: Sucessfully provided portfolio
2026-03-22T02:57:41.932Z [info]: Sucessfully provided portfolio
2026-03-22T02:57:50.954Z [info]: Sucessfully provided portfolio
2026-03-22T03:04:58.556Z [info]: Sucessfully provided portfolio
2026-03-22T03:04:58.566Z [info]: Sucessfully provided portfolio
2026-03-22T03:05:01.626Z [info]: Sucessfully provided portfolio
2026-03-22T03:05:01.636Z [info]: Sucessfully provided portfolio
2026-03-22T03:07:13.985Z [info]: Sucessfully provided portfolio
2026-03-22T03:07:34.838Z [info]: Sucessfully provided portfolio
2026-03-22T03:07:53.678Z [info]: Sucessfully provided portfolio
2026-03-22T03:07:58.879Z [info]: Sucessfully provided portfolio
2026-03-22T03:46:25.969Z [info]: Sucessfully provided portfolio
2026-03-22T03:46:25.976Z [info]: Sucessfully provided portfolio
2026-03-22T03:51:58.386Z [info]: Sucessfully provided portfolio
2026-03-22T03:52:05.892Z [info]: Sucessfully provided portfolio
2026-03-22T09:40:03.808Z [info]: Sucessfully provided portfolio
2026-03-22T09:40:33.734Z [info]: Sucessfully provided portfolio
2026-03-22T10:46:42.923Z [info]: Sucessfully provided portfolio
2026-03-22T10:46:42.931Z [info]: Sucessfully provided portfolio
2026-03-22T10:47:57.449Z [info]: Sucessfully provided portfolio
2026-03-22T10:47:57.467Z [info]: Sucessfully provided portfolio
2026-03-22T10:48:03.450Z [info]: Sucessfully provided portfolio
2026-03-22T10:48:03.455Z [info]: Sucessfully provided portfolio
2026-03-22T10:48:45.709Z [info]: Sucessfully provided portfolio
2026-03-22T10:48:55.617Z [info]: Sucessfully provided portfolio
2026-03-22T10:48:55.622Z [info]: Sucessfully provided portfolio
2026-03-22T10:49:35.564Z [info]: Sucessfully provided portfolio
2026-03-22T10:49:40.098Z [info]: Sucessfully provided portfolio
2026-03-22T11:05:33.129Z [info]: Sucessfully provided portfolio
2026-03-22T11:06:00.164Z [info]: Sucessfully provided portfolio
2026-03-22T11:06:00.169Z [info]: Sucessfully provided portfolio
2026-03-22T11:06:47.840Z [info]: Sucessfully provided portfolio
2026-03-22T11:07:06.288Z [info]: Sucessfully provided portfolio
2026-03-22T11:07:06.293Z [info]: Sucessfully provided portfolio
2026-03-22T11:08:48.380Z [info]: Sucessfully provided portfolio
2026-03-22T11:08:54.687Z [info]: Sucessfully provided portfolio
2026-03-22T11:10:22.035Z [info]: Sucessfully provided portfolio
2026-03-22T11:10:59.971Z [info]: Sucessfully provided portfolio
2026-03-22T11:10:59.975Z [info]: Sucessfully provided portfolio
2026-03-22T11:11:11.301Z [info]: Sucessfully provided portfolio
2026-03-22T11:11:15.933Z [info]: Sucessfully provided portfolio
2026-03-22T11:12:16.507Z [info]: Sucessfully provided portfolio
